---
source: crates/aikit-tui/tests/knowledge_graph_v2.rs
expression: text
---
                                                                                                                        
                                                                                                                        
                                                                                                                        
                                                                                                                        
                                                                                                                        
                                                                                                                        
                                                                                                                        
                                                                                                                        
                                                                                                                        
                                                                                                                        
                                                                                                                        
                                                                                                                        
                                        Context ▲ member  Root (knowledge-space)                                        
                                                                                                                        
                                                                Outgoing → source                                       
                                                            ◆   source:spec (knowledge-source)                          
                                                                                                                        
                                                                                                                        
                                                                                                                        
                                                                                                                        
                                                                                                                        
                                                                                                                        
                                                                                                                        
                                                                                                                        
                                                                                                                        
                                                                                                                        
                                                                                                                        
                                                                                                                        
                                                                                                                        
                                                                                                                        


Inspector
nothing selected
