---
source: crates/aikit-tui/tests/navigator_grouped_v2.rs
expression: text
---
+ AIKit - Quick - Project: payments - Host: test-host - Target: shell -------------------------------------------------+
|/ system                                                                                                              |
|DESTINATIONS                                                           nothing selected                               |
|  >  [surface] System                       What does this install...                                                 |
|                                                                                                                      |
|RESOURCES                                                                                                             |
|     [capability] system-check                 Test skill system-c...                                                 |
|                                                                                                                      |
|                                                                                                                      |
|                                                                                                                      |
|                                                                                                                      |
|                                                                                                                      |
|                                                                                                                      |
|                                                                                                                      |
|                                                                                                                      |
|                                                                                                                      |
|                                                                                                                      |
|                                                                                                                      |
|                                                                                                                      |
|                                                                                                                      |
|                                                                                                                      |
|                                                                                                                      |
|                                                                                                                      |
|                                                                                                                      |
|                                                                                                                      |
|                                                                                                                      |
|                                                                                                                      |
|                                                                                                                      |
|2 results - 0 staged - scope session - ^v navigate - : actions - Space stage - Ctrl+S preview/apply - Ctrl+W Workspace|
+----------------------------------------------------------------------------------------------------------------------+
